// Vitest Snapshot v1, https://vitest.dev/guide/snapshot.html

exports[`Skills > logout button eventually displayed 1`] = `
<button>
  Logout
</button>
`;
